// Vitest Snapshot v1

exports[`Info component > should render properly with given state from Redux store 1`] = `null`;
